Microchip MPLAB XC8 Compiler V2.00 ()

Linker command line:

-W-3 --edf=C:\Program Files (x86)\Microchip\xc8\v2.00\pic\dat\en_msgs.txt \
  -cs -h+dist/default/production\rpm_mplab.X.production.sym \
  --cmf=dist/default/production\rpm_mplab.X.production.cmf -z -Q16F877A \
  -oC:\Users\User\AppData\Local\Temp\s11ts.2 \
  -Mdist/default/production/rpm_mplab.X.production.map -E1 -ver=XC8 \
  --acfsm=1493 -ASTACK=0110h-016fh -pstack=STACK -ACODE=00h-07FFhx4 \
  -ASTRCODE=00h-01FFFh -ASTRING=00h-0FFhx32 -ACONST=00h-0FFhx32 \
  -AENTRY=00h-0FFhx32 -ACOMMON=070h-07Fh -ABANK0=020h-06Fh \
  -ABANK1=0A0h-0EFh -ABANK2=0110h-016Fh -ABANK3=0190h-01EFh \
  -ARAM=020h-06Fh,0A0h-0EFh,0110h-016Fh,0190h-01EFh \
  -AABS1=020h-07Fh,0A0h-0EFh,0110h-016Fh,0190h-01EFh -ASFR0=00h-01Fh \
  -ASFR1=080h-09Fh -ASFR2=0100h-010Fh -ASFR3=0180h-018Fh \
  -preset_vec=00h,intentry=04h,init,end_init -ppowerup=CODE -pcinit=CODE \
  -pfunctab=ENTRY -ACONFIG=02007h-02007h -pconfig=CONFIG -DCONFIG=2 \
  -AIDLOC=02000h-02003h -pidloc=IDLOC -DIDLOC=2 -AEEDATA=00h-0FFh/02100h \
  -peeprom_data=EEDATA -DEEDATA=2 -DCODE=2 -DSTRCODE=2 -DSTRING=2 -DCONST=2 \
  -DENTRY=2 -k C:\Users\User\AppData\Local\Temp\s11ts.o \
  dist/default/production\rpm_mplab.X.production.o 

Object code version is 3.11

Machine type is 16F877A



                Name                               Link     Load   Length Selector   Space Scale
C:\Users\User\AppData\Local\Temp\s11ts.o
                end_init                              C        C        3        8       0
                reset_vec                             0        0        3        0       0
                config                             2007     2007        1     400E       0
dist/default/production\rpm_mplab.X.production.o
                cinit                                 F        F        A        8       0
                intentry                              4        4        8        8       0
                text28                             15EA     15EA       29     2BD4       0
                text27                             155F     155F        5     2ABE       0
                text26                             159F     159F       23     2B3E       0
                text25                             1585     1585       1A     2B0A       0
                text24                             1578     1578        D     2AF0       0
                text23                              840      840       5E     1080       0
                text22                             17A4     17A4       5C     2F48       0
                text21                             163F     163F       39     2C7E       0
                text20                              7BF      7BF       41        8       0
                text19                              A29      A29       A6     1452       0
                text18                             1706     1706       4F     2E0C       0
                text17                             1564     1564        9     2AC8       0
                text16                              802      802       3E     1004       0
                text15                              DF7      DF7      209     1BEE       0
                text14                             1613     1613       2C     2C26       0
                text13                              44A      44A      375        8       0
                text12                              98D      98D       9C     131A       0
                text11                              C1D      C1D       C4     183A       0
                text10                              ACF      ACF       A7     159E       0
                text9                               911      911       7C     1222       0
                text8                               B76      B76       A7     16EC       0
                text7                              1755     1755       4F     2EAA       0
                text6                              156D     156D        B     2ADA       0
                text5                               89E      89E       73     113C       0
                text4                              15C2     15C2       28     2B84       0
                text3                              16BB     16BB       4B     2D76       0
                text2                              1678     1678       43     2CF0       0
                text1                               CE1      CE1      116     19C2       0
                maintext                             19       19      431        8       0
                cstackBANK0                          20       20       50       20       1
                cstackCOMMON                         70       70        A       70       1
                cstackBANK1                          A0       A0       1B       A0       1
                cstackBANK3                         190      190       3C      190       1
                bssBANK3                            1CC      1CC        2      190       1
                bssCOMMON                            7A       7A        2       70       1
                nvBANK1                              BB       BB        4       A0       1
                strings                            1000     1000       42     2000       0

TOTAL           Name                               Link     Load   Length     Space
        CLASS   STACK          

        CLASS   CODE           
                end_init                              C        C        3         0
                cinit                                 F        F        A         0
                intentry                              4        4        8         0
                reset_vec                             0        0        3         0
                text28                             15EA     15EA       29         0
                text27                             155F     155F        5         0
                text26                             159F     159F       23         0
                text25                             1585     1585       1A         0
                text24                             1578     1578        D         0
                text23                              840      840       5E         0
                text22                             17A4     17A4       5C         0
                text21                             163F     163F       39         0
                text20                              7BF      7BF       41         0
                text19                              A29      A29       A6         0
                text18                             1706     1706       4F         0
                text17                             1564     1564        9         0
                text16                              802      802       3E         0
                text15                              DF7      DF7      209         0
                text14                             1613     1613       2C         0
                text13                              44A      44A      375         0
                text12                              98D      98D       9C         0
                text11                              C1D      C1D       C4         0
                text10                              ACF      ACF       A7         0
                text9                               911      911       7C         0
                text8                               B76      B76       A7         0
                text7                              1755     1755       4F         0
                text6                              156D     156D        B         0
                text5                               89E      89E       73         0
                text4                              15C2     15C2       28         0
                text3                              16BB     16BB       4B         0
                text2                              1678     1678       43         0
                text1                               CE1      CE1      116         0
                maintext                             19       19      431         0

        CLASS   STRCODE        

        CLASS   STRING         
                strings                            1000     1000       42         0

        CLASS   CONST          

        CLASS   ENTRY          

        CLASS   COMMON         
                cstackCOMMON                         70       70        A         1
                bssCOMMON                            7A       7A        2         1

        CLASS   BANK0          
                cstackBANK0                          20       20       50         1

        CLASS   BANK1          
                cstackBANK1                          A0       A0       1B         1
                nvBANK1                              BB       BB        4         1

        CLASS   BANK2          

        CLASS   BANK3          
                cstackBANK3                         190      190       3C         1
                bssBANK3                            1CC      1CC        2         1

        CLASS   RAM            

        CLASS   ABS1           
                abs_s1                               7E       7E        2         1

        CLASS   SFR0           

        CLASS   SFR1           

        CLASS   SFR2           

        CLASS   SFR3           

        CLASS   CONFIG         
                config                             2007     2007        1         0

        CLASS   IDLOC          

        CLASS   EEDATA         



SEGMENTS        Name                           Load    Length   Top    Selector   Space  Class     Delta

                reset_vec                      000000  000003  000003         0       0  CODE        2
                intentry                       000004  0007FC  000800         8       0  CODE        2
                cstackBANK0                    000020  000050  000070        20       1  BANK0       1
                cstackCOMMON                   000070  00000C  00007C        70       1  COMMON      1
                cstackBANK1                    0000A0  00001F  0000BF        A0       1  BANK1       1
                cstackBANK3                    000190  00003E  0001CE       190       1  BANK3       1
                text16                         000802  00003E  000840      1004       0  CODE        2
                text23                         000840  00005E  00089E      1080       0  CODE        2
                text5                          00089E  000073  000911      113C       0  CODE        2
                text9                          000911  00007C  00098D      1222       0  CODE        2
                text12                         00098D  00009C  000A29      131A       0  CODE        2
                text19                         000A29  0000A6  000ACF      1452       0  CODE        2
                text10                         000ACF  0000A7  000B76      159E       0  CODE        2
                text8                          000B76  0000A7  000C1D      16EC       0  CODE        2
                text11                         000C1D  0000C4  000CE1      183A       0  CODE        2
                text1                          000CE1  000116  000DF7      19C2       0  CODE        2
                text15                         000DF7  000209  001000      1BEE       0  CODE        2
                strings                        001000  000042  001042      2000       0  STRING      2
                text27                         00155F  000005  001564      2ABE       0  CODE        2
                text17                         001564  000009  00156D      2AC8       0  CODE        2
                text6                          00156D  00000B  001578      2ADA       0  CODE        2
                text24                         001578  00000D  001585      2AF0       0  CODE        2
                text25                         001585  00001A  00159F      2B0A       0  CODE        2
                text26                         00159F  000023  0015C2      2B3E       0  CODE        2
                text4                          0015C2  000028  0015EA      2B84       0  CODE        2
                text28                         0015EA  000029  001613      2BD4       0  CODE        2
                text14                         001613  00002C  00163F      2C26       0  CODE        2
                text21                         00163F  000039  001678      2C7E       0  CODE        2
                text2                          001678  000043  0016BB      2CF0       0  CODE        2
                text3                          0016BB  00004B  001706      2D76       0  CODE        2
                text18                         001706  00004F  001755      2E0C       0  CODE        2
                text7                          001755  00004F  0017A4      2EAA       0  CODE        2
                text22                         0017A4  00005C  001800      2F48       0  CODE        2
                config                         002007  000001  002008      400E       0  CONFIG      2


UNUSED ADDRESS RANGES

        Name                Unused          Largest block    Delta
        BANK1            00BF-00EF             31           1
        BANK2            0110-016F             60           1
        BANK3            01CE-01EF             22           1
        CODE             0003-0003              1           2
                         0800-0801              2
                         1042-155E            51D
                         1800-1FFF            800
        COMMON           007C-007D              2           1
        CONST            0003-0003              1           2
                         0800-0801              2
                         1042-155E            100
                         1800-1FFF            100
        EEDATA           2100-21FF            100           2
        ENTRY            0003-0003              1           2
                         0800-0801              2
                         1042-155E            100
                         1800-1FFF            100
        IDLOC            2000-2003              4           2
        RAM              00BF-00EF             31           1
                         0110-016F             60
                         01CE-01EF             22
        SFR0             0000-001F             20           1
        SFR1             0080-009F             20           1
        SFR2             0100-010F             10           1
        SFR3             0180-018F             10           1
        STACK            0110-016F             60           1
        STRCODE          0003-0003              1           2
                         0800-0801              2
                         1042-155E            51D
                         1800-1FFF            800
        STRING           0003-0003              1           2
                         0800-0801              2
                         1042-155E            100
                         1800-1FFF            100

                                  Symbol Table

?_PWM_Max_Duty             cstackBANK0  0027
?__Umul8_16                cstackCOMMON 0072
?___aldiv                  cstackCOMMON 0072
?___awdiv                  cstackBANK0  0020
?___fldiv                  cstackBANK0  003B
?___flmul                  cstackBANK0  0055
?___fltol                  cstackBANK1  00A0
?___lwdiv                  cstackCOMMON 0072
?___lwmod                  cstackBANK0  0020
?___wmul                   cstackCOMMON 0072
?___xxtofl                 cstackBANK0  002D
?_sprintf                  cstackBANK0  0026
Lcd_Cmd@a                  cstackCOMMON 0075
Lcd_Port@a                 cstackCOMMON 0072
Lcd_Set_Cursor@a           cstackBANK0  0020
Lcd_Set_Cursor@b           cstackCOMMON 0076
Lcd_Set_Cursor@temp        cstackBANK0  0023
Lcd_Set_Cursor@y           cstackBANK0  0022
Lcd_Set_Cursor@z           cstackBANK0  0021
Lcd_Write_Char@a           cstackCOMMON 0076
Lcd_Write_Char@temp        cstackCOMMON 0074
Lcd_Write_Char@y           cstackCOMMON 0075
Lcd_Write_String@a         cstackCOMMON 0077
Lcd_Write_String@i         cstackBANK0  0023
PWM1_Duty@duty             cstackBANK1  00AB
PWM1_Init@fre              cstackBANK0  0027
PWM1_procenat@i            cstackBANK1  00AF
PWM1_procenat@koef         cstackBANK1  00B1
PWM1_procenat@procenat     cstackBANK1  00B5
PWM2_Duty@duty             cstackBANK1  00AB
PWM2_Init@fre              cstackBANK0  0027
_CCP1M2                    (abs)        00BA
_CCP1M3                    (abs)        00BB
_CCP1X                     (abs)        00BD
_CCP1Y                     (abs)        00BC
_CCP2M2                    (abs)        00EA
_CCP2M3                    (abs)        00EB
_CCP2X                     (abs)        00ED
_CCP2Y                     (abs)        00EC
_CCPR1L                    (abs)        0015
_CCPR2L                    (abs)        001B
_DC_Napred                 text27       155F
_INTCONbits                (abs)        000B
_Lcd_Clear                 text24       1578
_Lcd_Cmd                   text25       1585
_Lcd_Init                  text23       0840
_Lcd_Port                  text26       159F
_Lcd_Set_Cursor            text22       17A4
_Lcd_Write_Char            text21       163F
_Lcd_Write_String          text20       07BF
_OPTION_REGbits            (abs)        0081
_PORTBbits                 (abs)        0006
_PR2                       (abs)        0092
_PWM1_Duty                 text10       0ACF
_PWM1_Init                 text18       1706
_PWM1_Start                text17       1564
_PWM1_procenat             text9        0911
_PWM1_procenat$918         cstackBANK1  00B9
_PWM2_Duty                 text8        0B76
_PWM2_Init                 text7        1755
_PWM2_Start                text6        156D
_PWM_Max_Duty              text16       0802
_RC4                       (abs)        003C
_RC5                       (abs)        003D
_RD0                       (abs)        0040
_RD1                       (abs)        0041
_RD2                       (abs)        0042
_RD3                       (abs)        0043
_RD4                       (abs)        0044
_RD5                       (abs)        0045
_RD6                       (abs)        0046
_RD7                       (abs)        0047
_T2CKPS0                   (abs)        0090
_T2CKPS1                   (abs)        0091
_TMR2ON                    (abs)        0092
_TRISB1                    (abs)        0431
_TRISB2                    (abs)        0432
_TRISC1                    (abs)        0439
_TRISC2                    (abs)        043A
_TRISC4                    (abs)        043C
_TRISC5                    (abs)        043D
_TRISD0                    (abs)        0440
_TRISD1                    (abs)        0441
_TRISD2                    (abs)        0442
_TRISD3                    (abs)        0443
_TRISD4                    (abs)        0444
_TRISD5                    (abs)        0445
_TRISD6                    (abs)        0446
_TRISD7                    (abs)        0447
__CFG_BOREN$ON             (abs)        0000
__CFG_CP$OFF               (abs)        0000
__CFG_CPD$OFF              (abs)        0000
__CFG_FOSC$HS              (abs)        0000
__CFG_LVP$OFF              (abs)        0000
__CFG_PWRTE$OFF            (abs)        0000
__CFG_WDTE$OFF             (abs)        0000
__CFG_WRT$OFF              (abs)        0000
__Habs1                    abs1         0000
__Hbank0                   bank0        0000
__Hbank1                   bank1        0000
__Hbank2                   bank2        0000
__Hbank3                   bank3        0000
__HbssBANK3                bssBANK3     0000
__HbssCOMMON               bssCOMMON    0000
__Hcinit                   cinit        0019
__Hclrtext                 clrtext      0000
__Hcode                    code         0000
__Hcommon                  common       0000
__Hconfig                  config       2008
__HcstackBANK0             cstackBANK0  0000
__HcstackBANK1             cstackBANK1  0000
__HcstackBANK3             cstackBANK3  0000
__HcstackCOMMON            cstackCOMMON 0000
__Heeprom_data             eeprom_data  0000
__Hend_init                end_init     000F
__Hfunctab                 functab      0000
__Hidloc                   idloc        0000
__Hinit                    init         000C
__Hintentry                intentry     000C
__Hmaintext                maintext     0000
__HnvBANK1                 nvBANK1      0000
__Hpowerup                 powerup      0000
__Hram                     ram          0000
__Hreset_vec               reset_vec    0003
__Hsfr0                    sfr0         0000
__Hsfr1                    sfr1         0000
__Hsfr2                    sfr2         0000
__Hsfr3                    sfr3         0000
__Hspace_0                 (abs)        2008
__Hspace_1                 (abs)        01CE
__Hspace_2                 (abs)        0000
__Hspace_3                 (abs)        0000
__Hstack                   stack        0000
__Hstrings                 strings      0000
__Htext                    text         0000
__Labs1                    abs1         0000
__Lbank0                   bank0        0000
__Lbank1                   bank1        0000
__Lbank2                   bank2        0000
__Lbank3                   bank3        0000
__LbssBANK3                bssBANK3     0000
__LbssCOMMON               bssCOMMON    0000
__Lcinit                   cinit        000F
__Lclrtext                 clrtext      0000
__Lcode                    code         0000
__Lcommon                  common       0000
__Lconfig                  config       2007
__LcstackBANK0             cstackBANK0  0000
__LcstackBANK1             cstackBANK1  0000
__LcstackBANK3             cstackBANK3  0000
__LcstackCOMMON            cstackCOMMON 0000
__Leeprom_data             eeprom_data  0000
__Lend_init                end_init     000C
__Lfunctab                 functab      0000
__Lidloc                   idloc        0000
__Linit                    init         000C
__Lintentry                intentry     0004
__Lmaintext                maintext     0000
__LnvBANK1                 nvBANK1      0000
__Lpowerup                 powerup      0000
__Lram                     ram          0000
__Lreset_vec               reset_vec    0000
__Lsfr0                    sfr0         0000
__Lsfr1                    sfr1         0000
__Lsfr2                    sfr2         0000
__Lsfr3                    sfr3         0000
__Lspace_0                 (abs)        0000
__Lspace_1                 (abs)        0000
__Lspace_2                 (abs)        0000
__Lspace_3                 (abs)        0000
__Lstack                   stack        0000
__Lstrings                 strings      0000
__Ltext                    text         0000
__S0                       (abs)        2008
__S1                       (abs)        01CE
__S2                       (abs)        0000
__S3                       (abs)        0000
__Umul8_16                 text14       1613
__Umul8_16@multiplicand    cstackCOMMON 0072
__Umul8_16@multiplier      cstackBANK0  0024
__Umul8_16@product         cstackBANK0  0020
__Umul8_16@word_mpld       cstackBANK0  0022
___aldiv                   text19       0A29
___aldiv@counter           cstackBANK0  0021
___aldiv@dividend          cstackCOMMON 0076
___aldiv@divisor           cstackCOMMON 0072
___aldiv@quotient          cstackBANK0  0023
___aldiv@sign              cstackBANK0  0022
___awdiv                   text5        089E
___awdiv@counter           cstackBANK0  0024
___awdiv@dividend          cstackBANK0  0022
___awdiv@divisor           cstackBANK0  0020
___awdiv@quotient          cstackBANK0  0026
___awdiv@sign              cstackBANK0  0025
___fldiv                   text15       0DF7
___fldiv@a                 cstackBANK0  003B
___fldiv@aexp              cstackBANK0  0054
___fldiv@b                 cstackBANK0  003F
___fldiv@bexp              cstackBANK0  0053
___fldiv@grs               cstackBANK0  004F
___fldiv@new_exp           cstackBANK0  004D
___fldiv@rem               cstackBANK0  0048
___fldiv@sign              cstackBANK0  004C
___flmul                   text13       044A
___flmul@a                 cstackBANK0  0059
___flmul@aexp              cstackBANK0  0063
___flmul@b                 cstackBANK0  0055
___flmul@bexp              cstackBANK0  0068
___flmul@grs               cstackBANK0  0064
___flmul@prod              cstackBANK0  0069
___flmul@sign              cstackBANK0  0062
___flmul@temp              cstackBANK0  006D
___fltol                   text12       098D
___fltol@exp1              cstackBANK1  00AA
___fltol@f1                cstackBANK1  00A0
___fltol@sign1             cstackBANK1  00A9
___int_sp                  stack        0000
___latbits                 (abs)        0002
___lwdiv                   text3        16BB
___lwdiv@counter           cstackCOMMON 0079
___lwdiv@dividend          cstackCOMMON 0074
___lwdiv@divisor           cstackCOMMON 0072
___lwdiv@quotient          cstackCOMMON 0077
___lwmod                   text2        1678
___lwmod@counter           cstackBANK0  0025
___lwmod@dividend          cstackBANK0  0022
___lwmod@divisor           cstackBANK0  0020
___sp                      stack        0000
___wmul                    text4        15C2
___wmul@multiplicand       cstackCOMMON 0074
___wmul@multiplier         cstackCOMMON 0072
___wmul@product            cstackCOMMON 0076
___xxtofl                  text11       0C1D
___xxtofl@arg              cstackBANK0  0037
___xxtofl@exp              cstackBANK0  0036
___xxtofl@sign             cstackBANK0  0035
___xxtofl@val              cstackBANK0  002D
__end_of_DC_Napred         text27       1564
__end_of_Lcd_Clear         text24       1585
__end_of_Lcd_Cmd           text25       159F
__end_of_Lcd_Init          text23       089E
__end_of_Lcd_Port          text26       15C2
__end_of_Lcd_Set_Cursor    text22       1800
__end_of_Lcd_Write_Char    text21       1678
__end_of_Lcd_Write_String  text20       0800
__end_of_PWM1_Duty         text10       0B76
__end_of_PWM1_Init         text18       1755
__end_of_PWM1_Start        text17       156D
__end_of_PWM1_procenat     text9        098D
__end_of_PWM2_Duty         text8        0C1D
__end_of_PWM2_Init         text7        17A4
__end_of_PWM2_Start        text6        1578
__end_of_PWM_Max_Duty      text16       0840
__end_of__Umul8_16         text14       163F
__end_of___aldiv           text19       0ACF
__end_of___awdiv           text5        0911
__end_of___fldiv           text15       1000
__end_of___flmul           text13       07BF
__end_of___fltol           text12       0A29
__end_of___lwdiv           text3        1706
__end_of___lwmod           text2        16BB
__end_of___wmul            text4        15EA
__end_of___xxtofl          text11       0CE1
__end_of__initialization   cinit        0015
__end_of__stringtab        strings      1006
__end_of_dpowers           strings      1010
__end_of_main              maintext     044A
__end_of_my_isr_routine    text28       1613
__end_of_sprintf           text1        0DF7
__initialization           cinit        000F
__pbssBANK3                bssBANK3     01CC
__pbssCOMMON               bssCOMMON    007A
__pcstackBANK0             cstackBANK0  0020
__pcstackBANK1             cstackBANK1  00A0
__pcstackBANK3             cstackBANK3  0190
__pcstackCOMMON            cstackCOMMON 0070
__pintentry                intentry     0004
__pmaintext                maintext     0019
__pnvBANK1                 nvBANK1      00BB
__pstrings                 strings      1000
__ptext1                   text1        0CE1
__ptext10                  text10       0ACF
__ptext11                  text11       0C1D
__ptext12                  text12       098D
__ptext13                  text13       044A
__ptext14                  text14       1613
__ptext15                  text15       0DF7
__ptext16                  text16       0802
__ptext17                  text17       1564
__ptext18                  text18       1706
__ptext19                  text19       0A29
__ptext2                   text2        1678
__ptext20                  text20       07BF
__ptext21                  text21       163F
__ptext22                  text22       17A4
__ptext23                  text23       0840
__ptext24                  text24       1578
__ptext25                  text25       1585
__ptext26                  text26       159F
__ptext27                  text27       155F
__ptext28                  text28       15EA
__ptext3                   text3        16BB
__ptext4                   text4        15C2
__ptext5                   text5        089E
__ptext6                   text6        156D
__ptext7                   text7        1755
__ptext8                   text8        0B76
__ptext9                   text9        0911
__size_of_DC_Napred        (abs)        0000
__size_of_Lcd_Clear        (abs)        0000
__size_of_Lcd_Cmd          (abs)        0000
__size_of_Lcd_Init         (abs)        0000
__size_of_Lcd_Port         (abs)        0000
__size_of_Lcd_Set_Cursor   (abs)        0000
__size_of_Lcd_Write_Char   (abs)        0000
__size_of_Lcd_Write_String (abs)        0000
__size_of_PWM1_Duty        (abs)        0000
__size_of_PWM1_Init        (abs)        0000
__size_of_PWM1_Start       (abs)        0000
__size_of_PWM1_procenat    (abs)        0000
__size_of_PWM2_Duty        (abs)        0000
__size_of_PWM2_Init        (abs)        0000
__size_of_PWM2_Start       (abs)        0000
__size_of_PWM_Max_Duty     (abs)        0000
__size_of__Umul8_16        (abs)        0000
__size_of___aldiv          (abs)        0000
__size_of___awdiv          (abs)        0000
__size_of___fldiv          (abs)        0000
__size_of___flmul          (abs)        0000
__size_of___fltol          (abs)        0000
__size_of___lwdiv          (abs)        0000
__size_of___lwmod          (abs)        0000
__size_of___wmul           (abs)        0000
__size_of___xxtofl         (abs)        0000
__size_of_main             (abs)        0000
__size_of_my_isr_routine   (abs)        0000
__size_of_sprintf          (abs)        0000
__stringbase               strings      1005
__stringtab                strings      1000
_count                     bssCOMMON    007A
_dpowers                   strings      1006
_freq                      nvBANK1      00BB
_main                      maintext     0019
_my_isr_routine            text28       15EA
_sekunda                   bssBANK3     01CC
_sprintf                   text1        0CE1
btemp                      (abs)        007E
end_of_initialization      cinit        0015
interrupt_function         intentry     0004
intlevel0                  functab      0000
intlevel1                  functab      0000
intlevel2                  functab      0000
intlevel3                  functab      0000
intlevel4                  functab      0000
intlevel5                  functab      0000
main@cnt                   cstackBANK3  01C0
main@druga                 cstackBANK3  01A6
main@flag1                 cstackBANK3  01C2
main@flag2                 cstackBANK3  01C4
main@flag3                 cstackBANK3  01BE
main@flag4                 cstackBANK3  0190
main@mod_1                 cstackBANK3  01BA
main@mod_2                 cstackBANK3  01BC
main@procenat              cstackBANK3  01CA
main@prva                  cstackBANK3  0192
main@rpm                   cstackBANK3  01C6
main@rpm_zadato            cstackBANK3  01C8
reset_vec                  reset_vec    0000
saved_w                    (abs)        007E
sprintf@ap                 cstackBANK0  0030
sprintf@c                  cstackBANK0  0035
sprintf@f                  cstackBANK0  0028
sprintf@flag               cstackBANK0  0031
sprintf@prec               cstackBANK0  0032
sprintf@sp                 cstackBANK0  0026
sprintf@val                cstackBANK0  0033
stackhi                    (abs)        0000
stacklo                    (abs)        0000
start                      init         000C
start_initialization       cinit        000F
wtemp0                     (abs)        007E


FUNCTION INFORMATION:

 *************** function _main *****************
 Defined at:
		line 91 in file "main.c"
 Parameters:    Size  Location     Type
		None
 Auto vars:     Size  Location     Type
  druga          20   22[BANK3 ] unsigned char [20]
  prva           20    2[BANK3 ] unsigned char [20]
  procenat        2   58[BANK3 ] int 
  rpm_zadato      2   56[BANK3 ] int 
  rpm             2   54[BANK3 ] int 
  flag2           2   52[BANK3 ] int 
  flag1           2   50[BANK3 ] int 
  cnt             2   48[BANK3 ] int 
  flag3           2   46[BANK3 ] int 
  mod_2           2   44[BANK3 ] int 
  mod_1           2   42[BANK3 ] int 
  flag4           2    0[BANK3 ] int 
 Return value:  Size  Location     Type
                  1    wreg      void 
 Registers used:
		wreg, fsr0l, fsr0h, status,2, status,0, btemp+1, pclath, cstack
 Tracked objects:
		On entry : 
		On exit  : 
		Unchanged: 
 Data sizes:     COMMON   BANK0   BANK1   BANK3   BANK2
      Params:         0       0       0       0       0
      Locals:         0       0       0      60       0
      Temps:          0       1       0       0       0
      Totals:         0       1       0      60       0
Total ram usage:       61 bytes
 Hardware stack levels required when called:    5
 This function calls:
		_DC_Napred
		_Lcd_Clear
		_Lcd_Init
		_Lcd_Set_Cursor
		_Lcd_Write_String
		_PWM1_Duty
		_PWM1_Init
		_PWM1_Start
		_PWM1_procenat
		_PWM2_Duty
		_PWM2_Init
		_PWM2_Start
		___awdiv
		___wmul
		_sprintf
 This function is called by:
		Startup code after reset
 This function uses a non-reentrant model


 *************** function _sprintf *****************
 Defined at:
		line 500 in file "C:\Program Files (x86)\Microchip\xc8\v2.00\pic\sources\c90\common\doprnt.c"
 Parameters:    Size  Location     Type
  sp              2    6[BANK0 ] PTR unsigned char 
		 -> main@druga(20), main@prva(20), Druga_kolona@s(20), 
  f               1    8[BANK0 ] PTR const unsigned char 
		 -> STR_9(12), STR_8(16), STR_7(19), STR_6(12), 
		 -> STR_5(19), STR_4(12), STR_3(19), STR_2(19), 
		 -> STR_1(3), 
 Auto vars:     Size  Location     Type
  tmpval          4    0        struct .
  val             2   19[BANK0 ] unsigned int 
  cp              2    0        PTR const unsigned char 
  len             2    0        unsigned int 
  c               1   21[BANK0 ] unsigned char 
  prec            1   18[BANK0 ] char 
  flag            1   17[BANK0 ] unsigned char 
  ap              1   16[BANK0 ] PTR void [1]
		 -> ?_sprintf(2), 
 Return value:  Size  Location     Type
                  2    6[BANK0 ] int 
 Registers used:
		wreg, fsr0l, fsr0h, status,2, status,0, btemp+1, pclath, cstack
 Tracked objects:
		On entry : 
		On exit  : 
		Unchanged: 
 Data sizes:     COMMON   BANK0   BANK1   BANK3   BANK2
      Params:         0       7       0       0       0
      Locals:         0       6       0       0       0
      Temps:          0       3       0       0       0
      Totals:         0      16       0       0       0
Total ram usage:       16 bytes
 Hardware stack levels used:    1
 Hardware stack levels required when called:    2
 This function calls:
		___lwdiv
		___lwmod
 This function is called by:
		_main
		_Druga_kolona
 This function uses a non-reentrant model


 *************** function ___lwmod *****************
 Defined at:
		line 5 in file "C:\Program Files (x86)\Microchip\xc8\v2.00\pic\sources\c90\common\lwmod.c"
 Parameters:    Size  Location     Type
  divisor         2    0[BANK0 ] unsigned int 
  dividend        2    2[BANK0 ] unsigned int 
 Auto vars:     Size  Location     Type
  counter         1    5[BANK0 ] unsigned char 
 Return value:  Size  Location     Type
                  2    0[BANK0 ] unsigned int 
 Registers used:
		wreg, status,2, status,0
 Tracked objects:
		On entry : 
		On exit  : 
		Unchanged: 
 Data sizes:     COMMON   BANK0   BANK1   BANK3   BANK2
      Params:         0       4       0       0       0
      Locals:         0       1       0       0       0
      Temps:          0       1       0       0       0
      Totals:         0       6       0       0       0
Total ram usage:        6 bytes
 Hardware stack levels used:    1
 Hardware stack levels required when called:    1
 This function calls:
		Nothing
 This function is called by:
		_sprintf
 This function uses a non-reentrant model


 *************** function ___lwdiv *****************
 Defined at:
		line 5 in file "C:\Program Files (x86)\Microchip\xc8\v2.00\pic\sources\c90\common\lwdiv.c"
 Parameters:    Size  Location     Type
  divisor         2    2[COMMON] unsigned int 
  dividend        2    4[COMMON] unsigned int 
 Auto vars:     Size  Location     Type
  quotient        2    7[COMMON] unsigned int 
  counter         1    9[COMMON] unsigned char 
 Return value:  Size  Location     Type
                  2    2[COMMON] unsigned int 
 Registers used:
		wreg, status,2, status,0
 Tracked objects:
		On entry : 
		On exit  : 
		Unchanged: 
 Data sizes:     COMMON   BANK0   BANK1   BANK3   BANK2
      Params:         4       0       0       0       0
      Locals:         3       0       0       0       0
      Temps:          1       0       0       0       0
      Totals:         8       0       0       0       0
Total ram usage:        8 bytes
 Hardware stack levels used:    1
 Hardware stack levels required when called:    1
 This function calls:
		Nothing
 This function is called by:
		_sprintf
 This function uses a non-reentrant model


 *************** function ___wmul *****************
 Defined at:
		line 15 in file "C:\Program Files (x86)\Microchip\xc8\v2.00\pic\sources\c90\common\Umul16.c"
 Parameters:    Size  Location     Type
  multiplier      2    2[COMMON] unsigned int 
  multiplicand    2    4[COMMON] unsigned int 
 Auto vars:     Size  Location     Type
  product         2    6[COMMON] unsigned int 
 Return value:  Size  Location     Type
                  2    2[COMMON] unsigned int 
 Registers used:
		wreg, status,2, status,0
 Tracked objects:
		On entry : 
		On exit  : 
		Unchanged: 
 Data sizes:     COMMON   BANK0   BANK1   BANK3   BANK2
      Params:         4       0       0       0       0
      Locals:         2       0       0       0       0
      Temps:          0       0       0       0       0
      Totals:         6       0       0       0       0
Total ram usage:        6 bytes
 Hardware stack levels used:    1
 Hardware stack levels required when called:    1
 This function calls:
		Nothing
 This function is called by:
		_main
 This function uses a non-reentrant model


 *************** function ___awdiv *****************
 Defined at:
		line 5 in file "C:\Program Files (x86)\Microchip\xc8\v2.00\pic\sources\c90\common\awdiv.c"
 Parameters:    Size  Location     Type
  divisor         2    0[BANK0 ] int 
  dividend        2    2[BANK0 ] int 
 Auto vars:     Size  Location     Type
  quotient        2    6[BANK0 ] int 
  sign            1    5[BANK0 ] unsigned char 
  counter         1    4[BANK0 ] unsigned char 
 Return value:  Size  Location     Type
                  2    0[BANK0 ] int 
 Registers used:
		wreg, status,2, status,0
 Tracked objects:
		On entry : 
		On exit  : 
		Unchanged: 
 Data sizes:     COMMON   BANK0   BANK1   BANK3   BANK2
      Params:         0       4       0       0       0
      Locals:         0       4       0       0       0
      Temps:          1       0       0       0       0
      Totals:         1       8       0       0       0
Total ram usage:        9 bytes
 Hardware stack levels used:    1
 Hardware stack levels required when called:    1
 This function calls:
		Nothing
 This function is called by:
		_main
 This function uses a non-reentrant model


 *************** function _PWM2_Start *****************
 Defined at:
		line 67 in file "./pwm.h"
 Parameters:    Size  Location     Type
		None
 Auto vars:     Size  Location     Type
		None
 Return value:  Size  Location     Type
                  2  154[None  ] int 
 Registers used:
		None
 Tracked objects:
		On entry : 
		On exit  : 
		Unchanged: 
 Data sizes:     COMMON   BANK0   BANK1   BANK3   BANK2
      Params:         0       0       0       0       0
      Locals:         0       0       0       0       0
      Temps:          0       0       0       0       0
      Totals:         0       0       0       0       0
Total ram usage:        0 bytes
 Hardware stack levels used:    1
 Hardware stack levels required when called:    1
 This function calls:
		Nothing
 This function is called by:
		_main
 This function uses a non-reentrant model


 *************** function _PWM2_Init *****************
 Defined at:
		line 15 in file "./pwm.h"
 Parameters:    Size  Location     Type
  fre             4    7[BANK0 ] long 
 Auto vars:     Size  Location     Type
		None
 Return value:  Size  Location     Type
                  2    7[BANK0 ] int 
 Registers used:
		wreg, status,2, status,0, pclath, cstack
 Tracked objects:
		On entry : 
		On exit  : 
		Unchanged: 
 Data sizes:     COMMON   BANK0   BANK1   BANK3   BANK2
      Params:         0       4       0       0       0
      Locals:         0       0       0       0       0
      Temps:          0       4       0       0       0
      Totals:         0       8       0       0       0
Total ram usage:        8 bytes
 Hardware stack levels used:    1
 Hardware stack levels required when called:    2
 This function calls:
		___aldiv
 This function is called by:
		_main
 This function uses a non-reentrant model


 *************** function _PWM2_Duty *****************
 Defined at:
		line 32 in file "./pwm.h"
 Parameters:    Size  Location     Type
  duty            2   11[BANK1 ] unsigned int 
 Auto vars:     Size  Location     Type
		None
 Return value:  Size  Location     Type
                  2   11[BANK1 ] int 
 Registers used:
		wreg, status,2, status,0, btemp+1, pclath, cstack
 Tracked objects:
		On entry : 
		On exit  : 
		Unchanged: 
 Data sizes:     COMMON   BANK0   BANK1   BANK3   BANK2
      Params:         0       0       2       0       0
      Locals:         0       0       0       0       0
      Temps:          0       0       2       0       0
      Totals:         0       0       4       0       0
Total ram usage:        4 bytes
 Hardware stack levels used:    1
 Hardware stack levels required when called:    3
 This function calls:
		_PWM_Max_Duty
		___fldiv
		___flmul
		___fltol
		___xxtofl
 This function is called by:
		_main
 This function uses a non-reentrant model


 *************** function _PWM1_procenat *****************
 Defined at:
		line 42 in file "main.c"
 Parameters:    Size  Location     Type
  i               2   15[BANK1 ] int 
 Auto vars:     Size  Location     Type
  procenat        4   21[BANK1 ] float 
  koef            4   17[BANK1 ] float 
 Return value:  Size  Location     Type
                  2   15[BANK1 ] int 
 Registers used:
		wreg, status,2, status,0, btemp+1, pclath, cstack
 Tracked objects:
		On entry : 
		On exit  : 
		Unchanged: 
 Data sizes:     COMMON   BANK0   BANK1   BANK3   BANK2
      Params:         0       0       2       0       0
      Locals:         0       0      10       0       0
      Temps:          0       0       0       0       0
      Totals:         0       0      12       0       0
Total ram usage:       12 bytes
 Hardware stack levels used:    1
 Hardware stack levels required when called:    4
 This function calls:
		_PWM1_Duty
		___flmul
		___fltol
		___xxtofl
 This function is called by:
		_main
 This function uses a non-reentrant model


 *************** function _PWM1_Duty *****************
 Defined at:
		line 21 in file "./pwm.h"
 Parameters:    Size  Location     Type
  duty            2   11[BANK1 ] unsigned int 
 Auto vars:     Size  Location     Type
		None
 Return value:  Size  Location     Type
                  2   11[BANK1 ] int 
 Registers used:
		wreg, status,2, status,0, btemp+1, pclath, cstack
 Tracked objects:
		On entry : 
		On exit  : 
		Unchanged: 
 Data sizes:     COMMON   BANK0   BANK1   BANK3   BANK2
      Params:         0       0       2       0       0
      Locals:         0       0       0       0       0
      Temps:          0       0       2       0       0
      Totals:         0       0       4       0       0
Total ram usage:        4 bytes
 Hardware stack levels used:    1
 Hardware stack levels required when called:    3
 This function calls:
		_PWM_Max_Duty
		___fldiv
		___flmul
		___fltol
		___xxtofl
 This function is called by:
		_PWM1_procenat
		_main
 This function uses a non-reentrant model


 *************** function ___xxtofl *****************
 Defined at:
		line 10 in file "C:\Program Files (x86)\Microchip\xc8\v2.00\pic\sources\c90\common\xxtofl.c"
 Parameters:    Size  Location     Type
  sign            1    wreg     unsigned char 
  val             4   13[BANK0 ] long 
 Auto vars:     Size  Location     Type
  sign            1   21[BANK0 ] unsigned char 
  arg             4   23[BANK0 ] unsigned long 
  exp             1   22[BANK0 ] unsigned char 
 Return value:  Size  Location     Type
                  4   13[BANK0 ] unsigned char 
 Registers used:
		wreg, status,2, status,0
 Tracked objects:
		On entry : 
		On exit  : 
		Unchanged: 
 Data sizes:     COMMON   BANK0   BANK1   BANK3   BANK2
      Params:         0       4       0       0       0
      Locals:         0       6       0       0       0
      Temps:          0       4       0       0       0
      Totals:         0      14       0       0       0
Total ram usage:       14 bytes
 Hardware stack levels used:    1
 Hardware stack levels required when called:    1
 This function calls:
		Nothing
 This function is called by:
		_PWM1_Duty
		_PWM2_Duty
		_PWM1_procenat
 This function uses a non-reentrant model


 *************** function ___fltol *****************
 Defined at:
		line 43 in file "C:\Program Files (x86)\Microchip\xc8\v2.00\pic\sources\c90\common\fltol.c"
 Parameters:    Size  Location     Type
  f1              4    0[BANK1 ] unsigned char 
 Auto vars:     Size  Location     Type
  exp1            1   10[BANK1 ] unsigned char 
  sign1           1    9[BANK1 ] unsigned char 
 Return value:  Size  Location     Type
                  4    0[BANK1 ] long 
 Registers used:
		wreg, status,2, status,0
 Tracked objects:
		On entry : 
		On exit  : 
		Unchanged: 
 Data sizes:     COMMON   BANK0   BANK1   BANK3   BANK2
      Params:         0       0       4       0       0
      Locals:         0       0       2       0       0
      Temps:          0       0       5       0       0
      Totals:         0       0      11       0       0
Total ram usage:       11 bytes
 Hardware stack levels used:    1
 Hardware stack levels required when called:    1
 This function calls:
		Nothing
 This function is called by:
		_PWM1_Duty
		_PWM2_Duty
		_PWM1_procenat
 This function uses a non-reentrant model


 *************** function ___flmul *****************
 Defined at:
		line 8 in file "C:\Program Files (x86)\Microchip\xc8\v2.00\pic\sources\c90\common\sprcmul.c"
 Parameters:    Size  Location     Type
  b               4   53[BANK0 ] long 
  a               4   57[BANK0 ] long 
 Auto vars:     Size  Location     Type
  prod            4   73[BANK0 ] struct .
  grs             4   68[BANK0 ] unsigned long 
  temp            2   77[BANK0 ] struct .
  bexp            1   72[BANK0 ] unsigned char 
  aexp            1   67[BANK0 ] unsigned char 
  sign            1   66[BANK0 ] unsigned char 
 Return value:  Size  Location     Type
                  4   53[BANK0 ] unsigned char 
 Registers used:
		wreg, status,2, status,0, btemp+1, pclath, cstack
 Tracked objects:
		On entry : 
		On exit  : 
		Unchanged: 
 Data sizes:     COMMON   BANK0   BANK1   BANK3   BANK2
      Params:         0       8       0       0       0
      Locals:         0      13       0       0       0
      Temps:          0       5       0       0       0
      Totals:         0      26       0       0       0
Total ram usage:       26 bytes
 Hardware stack levels used:    1
 Hardware stack levels required when called:    2
 This function calls:
		__Umul8_16
 This function is called by:
		_PWM1_Duty
		_PWM2_Duty
		_PWM1_procenat
 This function uses a non-reentrant model


 *************** function __Umul8_16 *****************
 Defined at:
		line 4 in file "C:\Program Files (x86)\Microchip\xc8\v2.00\pic\sources\c90\common\Umul8_16.c"
 Parameters:    Size  Location     Type
  multiplier      1    wreg     unsigned char 
  multiplicand    1    2[COMMON] unsigned char 
 Auto vars:     Size  Location     Type
  multiplier      1    4[BANK0 ] unsigned char 
  word_mpld       2    2[BANK0 ] unsigned int 
  product         2    0[BANK0 ] unsigned int 
 Return value:  Size  Location     Type
                  2    2[COMMON] unsigned int 
 Registers used:
		wreg, status,2, status,0
 Tracked objects:
		On entry : 
		On exit  : 
		Unchanged: 
 Data sizes:     COMMON   BANK0   BANK1   BANK3   BANK2
      Params:         2       0       0       0       0
      Locals:         0       5       0       0       0
      Temps:          2       0       0       0       0
      Totals:         4       5       0       0       0
Total ram usage:        9 bytes
 Hardware stack levels used:    1
 Hardware stack levels required when called:    1
 This function calls:
		Nothing
 This function is called by:
		___flmul
 This function uses a non-reentrant model


 *************** function ___fldiv *****************
 Defined at:
		line 8 in file "C:\Program Files (x86)\Microchip\xc8\v2.00\pic\sources\c90\common\sprcdiv.c"
 Parameters:    Size  Location     Type
  a               4   27[BANK0 ] unsigned int 
  b               4   31[BANK0 ] unsigned int 
 Auto vars:     Size  Location     Type
  grs             4   47[BANK0 ] unsigned long 
  rem             4   40[BANK0 ] unsigned long 
  new_exp         2   45[BANK0 ] int 
  aexp            1   52[BANK0 ] unsigned char 
  bexp            1   51[BANK0 ] unsigned char 
  sign            1   44[BANK0 ] unsigned char 
 Return value:  Size  Location     Type
                  4   27[BANK0 ] unsigned char 
 Registers used:
		wreg, status,2, status,0, btemp+1
 Tracked objects:
		On entry : 
		On exit  : 
		Unchanged: 
 Data sizes:     COMMON   BANK0   BANK1   BANK3   BANK2
      Params:         0       8       0       0       0
      Locals:         0      13       0       0       0
      Temps:          0       5       0       0       0
      Totals:         0      26       0       0       0
Total ram usage:       26 bytes
 Hardware stack levels used:    1
 Hardware stack levels required when called:    1
 This function calls:
		Nothing
 This function is called by:
		_PWM1_Duty
		_PWM2_Duty
 This function uses a non-reentrant model


 *************** function _PWM_Max_Duty *****************
 Defined at:
		line 9 in file "./pwm.h"
 Parameters:    Size  Location     Type
		None
 Auto vars:     Size  Location     Type
		None
 Return value:  Size  Location     Type
                  2    7[BANK0 ] int 
 Registers used:
		wreg, status,2, status,0, pclath, cstack
 Tracked objects:
		On entry : 
		On exit  : 
		Unchanged: 
 Data sizes:     COMMON   BANK0   BANK1   BANK3   BANK2
      Params:         0       2       0       0       0
      Locals:         0       0       0       0       0
      Temps:          0       4       0       0       0
      Totals:         0       6       0       0       0
Total ram usage:        6 bytes
 Hardware stack levels used:    1
 Hardware stack levels required when called:    2
 This function calls:
		___aldiv
 This function is called by:
		_PWM1_Duty
		_PWM2_Duty
 This function uses a non-reentrant model


 *************** function _PWM1_Start *****************
 Defined at:
		line 43 in file "./pwm.h"
 Parameters:    Size  Location     Type
		None
 Auto vars:     Size  Location     Type
		None
 Return value:  Size  Location     Type
                  2  148[None  ] int 
 Registers used:
		None
 Tracked objects:
		On entry : 
		On exit  : 
		Unchanged: 
 Data sizes:     COMMON   BANK0   BANK1   BANK3   BANK2
      Params:         0       0       0       0       0
      Locals:         0       0       0       0       0
      Temps:          0       0       0       0       0
      Totals:         0       0       0       0       0
Total ram usage:        0 bytes
 Hardware stack levels used:    1
 Hardware stack levels required when called:    1
 This function calls:
		Nothing
 This function is called by:
		_main
 This function uses a non-reentrant model


 *************** function _PWM1_Init *****************
 Defined at:
		line 3 in file "./pwm.h"
 Parameters:    Size  Location     Type
  fre             4    7[BANK0 ] long 
 Auto vars:     Size  Location     Type
		None
 Return value:  Size  Location     Type
                  2    7[BANK0 ] int 
 Registers used:
		wreg, status,2, status,0, pclath, cstack
 Tracked objects:
		On entry : 
		On exit  : 
		Unchanged: 
 Data sizes:     COMMON   BANK0   BANK1   BANK3   BANK2
      Params:         0       4       0       0       0
      Locals:         0       0       0       0       0
      Temps:          0       4       0       0       0
      Totals:         0       8       0       0       0
Total ram usage:        8 bytes
 Hardware stack levels used:    1
 Hardware stack levels required when called:    2
 This function calls:
		___aldiv
 This function is called by:
		_main
 This function uses a non-reentrant model


 *************** function ___aldiv *****************
 Defined at:
		line 5 in file "C:\Program Files (x86)\Microchip\xc8\v2.00\pic\sources\c90\common\aldiv.c"
 Parameters:    Size  Location     Type
  divisor         4    2[COMMON] long 
  dividend        4    6[COMMON] long 
 Auto vars:     Size  Location     Type
  quotient        4    3[BANK0 ] long 
  sign            1    2[BANK0 ] unsigned char 
  counter         1    1[BANK0 ] unsigned char 
 Return value:  Size  Location     Type
                  4    2[COMMON] long 
 Registers used:
		wreg, status,2, status,0
 Tracked objects:
		On entry : 
		On exit  : 
		Unchanged: 
 Data sizes:     COMMON   BANK0   BANK1   BANK3   BANK2
      Params:         8       0       0       0       0
      Locals:         0       6       0       0       0
      Temps:          0       1       0       0       0
      Totals:         8       7       0       0       0
Total ram usage:       15 bytes
 Hardware stack levels used:    1
 Hardware stack levels required when called:    1
 This function calls:
		Nothing
 This function is called by:
		_PWM1_Init
		_PWM_Max_Duty
		_PWM2_Init
 This function uses a non-reentrant model


 *************** function _Lcd_Write_String *****************
 Defined at:
		line 98 in file "./lcd.h"
 Parameters:    Size  Location     Type
  a               2    7[COMMON] PTR unsigned char 
		 -> main@druga(20), main@prva(20), Druga_kolona@s(20), 
 Auto vars:     Size  Location     Type
  i               2    3[BANK0 ] int 
 Return value:  Size  Location     Type
                  1    wreg      void 
 Registers used:
		wreg, fsr0l, fsr0h, status,2, status,0, pclath, cstack
 Tracked objects:
		On entry : 
		On exit  : 
		Unchanged: 
 Data sizes:     COMMON   BANK0   BANK1   BANK3   BANK2
      Params:         2       0       0       0       0
      Locals:         0       2       0       0       0
      Temps:          0       3       0       0       0
      Totals:         2       5       0       0       0
Total ram usage:        7 bytes
 Hardware stack levels used:    1
 Hardware stack levels required when called:    3
 This function calls:
		_Lcd_Write_Char
 This function is called by:
		_main
		_Druga_kolona
 This function uses a non-reentrant model


 *************** function _Lcd_Write_Char *****************
 Defined at:
		line 82 in file "./lcd.h"
 Parameters:    Size  Location     Type
  a               1    wreg     unsigned char 
 Auto vars:     Size  Location     Type
  a               1    6[COMMON] unsigned char 
  y               1    5[COMMON] unsigned char 
  temp            1    4[COMMON] unsigned char 
 Return value:  Size  Location     Type
                  1    wreg      void 
 Registers used:
		wreg, status,2, status,0, pclath, cstack
 Tracked objects:
		On entry : 
		On exit  : 
		Unchanged: 
 Data sizes:     COMMON   BANK0   BANK1   BANK3   BANK2
      Params:         0       0       0       0       0
      Locals:         3       0       0       0       0
      Temps:          1       0       0       0       0
      Totals:         4       0       0       0       0
Total ram usage:        4 bytes
 Hardware stack levels used:    1
 Hardware stack levels required when called:    2
 This function calls:
		_Lcd_Port
 This function is called by:
		_Lcd_Write_String
 This function uses a non-reentrant model


 *************** function _Lcd_Set_Cursor *****************
 Defined at:
		line 42 in file "./lcd.h"
 Parameters:    Size  Location     Type
  a               1    wreg     unsigned char 
  b               1    6[COMMON] unsigned char 
 Auto vars:     Size  Location     Type
  a               1    0[BANK0 ] unsigned char 
  temp            1    3[BANK0 ] unsigned char 
  y               1    2[BANK0 ] unsigned char 
  z               1    1[BANK0 ] unsigned char 
 Return value:  Size  Location     Type
                  1    wreg      void 
 Registers used:
		wreg, status,2, status,0, pclath, cstack
 Tracked objects:
		On entry : 
		On exit  : 
		Unchanged: 
 Data sizes:     COMMON   BANK0   BANK1   BANK3   BANK2
      Params:         1       0       0       0       0
      Locals:         0       4       0       0       0
      Temps:          2       0       0       0       0
      Totals:         3       4       0       0       0
Total ram usage:        7 bytes
 Hardware stack levels used:    1
 Hardware stack levels required when called:    3
 This function calls:
		_Lcd_Cmd
 This function is called by:
		_main
		_Druga_kolona
 This function uses a non-reentrant model


 *************** function _Lcd_Init *****************
 Defined at:
		line 63 in file "./lcd.h"
 Parameters:    Size  Location     Type
		None
 Auto vars:     Size  Location     Type
		None
 Return value:  Size  Location     Type
                  1    wreg      void 
 Registers used:
		wreg, status,2, status,0, pclath, cstack
 Tracked objects:
		On entry : 
		On exit  : 
		Unchanged: 
 Data sizes:     COMMON   BANK0   BANK1   BANK3   BANK2
      Params:         0       0       0       0       0
      Locals:         0       0       0       0       0
      Temps:          2       0       0       0       0
      Totals:         2       0       0       0       0
Total ram usage:        2 bytes
 Hardware stack levels used:    1
 Hardware stack levels required when called:    3
 This function calls:
		_Lcd_Cmd
		_Lcd_Port
 This function is called by:
		_main
 This function uses a non-reentrant model


 *************** function _Lcd_Clear *****************
 Defined at:
		line 36 in file "./lcd.h"
 Parameters:    Size  Location     Type
		None
 Auto vars:     Size  Location     Type
		None
 Return value:  Size  Location     Type
                  2  102[None  ] int 
 Registers used:
		wreg, status,2, status,0, pclath, cstack
 Tracked objects:
		On entry : 
		On exit  : 
		Unchanged: 
 Data sizes:     COMMON   BANK0   BANK1   BANK3   BANK2
      Params:         0       0       0       0       0
      Locals:         0       0       0       0       0
      Temps:          0       0       0       0       0
      Totals:         0       0       0       0       0
Total ram usage:        0 bytes
 Hardware stack levels used:    1
 Hardware stack levels required when called:    3
 This function calls:
		_Lcd_Cmd
 This function is called by:
		_main
 This function uses a non-reentrant model


 *************** function _Lcd_Cmd *****************
 Defined at:
		line 27 in file "./lcd.h"
 Parameters:    Size  Location     Type
  a               1    wreg     unsigned char 
 Auto vars:     Size  Location     Type
  a               1    5[COMMON] unsigned char 
 Return value:  Size  Location     Type
                  1    wreg      void 
 Registers used:
		wreg, status,2, status,0, pclath, cstack
 Tracked objects:
		On entry : 
		On exit  : 
		Unchanged: 
 Data sizes:     COMMON   BANK0   BANK1   BANK3   BANK2
      Params:         0       0       0       0       0
      Locals:         1       0       0       0       0
      Temps:          2       0       0       0       0
      Totals:         3       0       0       0       0
Total ram usage:        3 bytes
 Hardware stack levels used:    1
 Hardware stack levels required when called:    2
 This function calls:
		_Lcd_Port
 This function is called by:
		_Lcd_Clear
		_Lcd_Set_Cursor
		_Lcd_Init
		_Lcd_Shift_Right
		_Lcd_Shift_Left
 This function uses a non-reentrant model


 *************** function _Lcd_Port *****************
 Defined at:
		line 5 in file "./lcd.h"
 Parameters:    Size  Location     Type
  a               1    wreg     unsigned char 
 Auto vars:     Size  Location     Type
  a               1    2[COMMON] unsigned char 
 Return value:  Size  Location     Type
                  1    wreg      void 
 Registers used:
		wreg
 Tracked objects:
		On entry : 
		On exit  : 
		Unchanged: 
 Data sizes:     COMMON   BANK0   BANK1   BANK3   BANK2
      Params:         0       0       0       0       0
      Locals:         1       0       0       0       0
      Temps:          0       0       0       0       0
      Totals:         1       0       0       0       0
Total ram usage:        1 bytes
 Hardware stack levels used:    1
 Hardware stack levels required when called:    1
 This function calls:
		Nothing
 This function is called by:
		_Lcd_Cmd
		_Lcd_Init
		_Lcd_Write_Char
 This function uses a non-reentrant model


 *************** function _DC_Napred *****************
 Defined at:
		line 32 in file "main.c"
 Parameters:    Size  Location     Type
		None
 Auto vars:     Size  Location     Type
		None
 Return value:  Size  Location     Type
                  2  160[None  ] int 
 Registers used:
		None
 Tracked objects:
		On entry : 
		On exit  : 
		Unchanged: 
 Data sizes:     COMMON   BANK0   BANK1   BANK3   BANK2
      Params:         0       0       0       0       0
      Locals:         0       0       0       0       0
      Temps:          0       0       0       0       0
      Totals:         0       0       0       0       0
Total ram usage:        0 bytes
 Hardware stack levels used:    1
 Hardware stack levels required when called:    1
 This function calls:
		Nothing
 This function is called by:
		_main
 This function uses a non-reentrant model


 *************** function _my_isr_routine *****************
 Defined at:
		line 71 in file "main.c"
 Parameters:    Size  Location     Type
		None
 Auto vars:     Size  Location     Type
		None
 Return value:  Size  Location     Type
                  1    wreg      void 
 Registers used:
		wreg, status,2, status,0
 Tracked objects:
		On entry : 
		On exit  : 
		Unchanged: 
 Data sizes:     COMMON   BANK0   BANK1   BANK3   BANK2
      Params:         0       0       0       0       0
      Locals:         0       0       0       0       0
      Temps:          2       0       0       0       0
      Totals:         2       0       0       0       0
Total ram usage:        2 bytes
 Hardware stack levels used:    1
 This function calls:
		Nothing
 This function is called by:
		Interrupt level 1
 This function uses a non-reentrant model



MODULE INFORMATION

Module		Function		Class		Link	Load	Size
C:\Program Files (x86)\Microchip\xc8\v2.00\pic\sources\c90\common\lwmod.c
		___lwmod       		CODE           	1678	0000	68

C:\Program Files (x86)\Microchip\xc8\v2.00\pic\sources\c90\common\lwmod.c estimated size: 68

C:\Program Files (x86)\Microchip\xc8\v2.00\pic\sources\c90\common\doprnt.c
		_sprintf       		CODE           	0CE1	0000	279

C:\Program Files (x86)\Microchip\xc8\v2.00\pic\sources\c90\common\doprnt.c estimated size: 279

C:\Program Files (x86)\Microchip\xc8\v2.00\pic\sources\c90\common\sprcmul.c
		___flmul       		CODE           	044A	0000	886

C:\Program Files (x86)\Microchip\xc8\v2.00\pic\sources\c90\common\sprcmul.c estimated size: 886

C:\Program Files (x86)\Microchip\xc8\v2.00\pic\sources\c90\common\sprcdiv.c
		___fldiv       		CODE           	0DF7	0000	522

C:\Program Files (x86)\Microchip\xc8\v2.00\pic\sources\c90\common\sprcdiv.c estimated size: 522

C:\Program Files (x86)\Microchip\xc8\v2.00\pic\sources\c90\common\Umul16.c
		___wmul        		CODE           	15C2	0000	41

C:\Program Files (x86)\Microchip\xc8\v2.00\pic\sources\c90\common\Umul16.c estimated size: 41

./lcd.h
		_Lcd_Write_String		CODE           	07BF	0000	66
		_Lcd_Init      		CODE           	0840	0000	95
		_Lcd_Write_Char		CODE           	163F	0000	58
		_Lcd_Cmd       		CODE           	1585	0000	27
		_Lcd_Set_Cursor		CODE           	17A4	0000	93
		_Lcd_Clear     		CODE           	1578	0000	14
		_Lcd_Port      		CODE           	159F	0000	36

./lcd.h estimated size: 389

C:\Program Files (x86)\Microchip\xc8\v2.00\pic\sources\c90\common\lwdiv.c
		___lwdiv       		CODE           	16BB	0000	76

C:\Program Files (x86)\Microchip\xc8\v2.00\pic\sources\c90\common\lwdiv.c estimated size: 76

C:\Program Files (x86)\Microchip\xc8\v2.00\pic\sources\c90\common\awdiv.c
		___awdiv       		CODE           	089E	0000	116

C:\Program Files (x86)\Microchip\xc8\v2.00\pic\sources\c90\common\awdiv.c estimated size: 116

C:\Program Files (x86)\Microchip\xc8\v2.00\pic\sources\c90\common\fltol.c
		___fltol       		CODE           	098D	0000	157

C:\Program Files (x86)\Microchip\xc8\v2.00\pic\sources\c90\common\fltol.c estimated size: 157

shared
		__stringtab    		STRING         	1000	0000	7
		_dpowers       		STRING         	1006	0000	11
		__initialization		CODE           	000F	0000	7

shared estimated size: 25

C:\Program Files (x86)\Microchip\xc8\v2.00\pic\sources\c90\common\xxtofl.c
		___xxtofl      		CODE           	0C1D	0000	197

C:\Program Files (x86)\Microchip\xc8\v2.00\pic\sources\c90\common\xxtofl.c estimated size: 197

C:\Program Files (x86)\Microchip\xc8\v2.00\pic\sources\c90\common\aldiv.c
		___aldiv       		CODE           	0A29	0000	167

C:\Program Files (x86)\Microchip\xc8\v2.00\pic\sources\c90\common\aldiv.c estimated size: 167

C:\Program Files (x86)\Microchip\xc8\v2.00\pic\sources\c90\common\Umul8_16.c
		__Umul8_16     		CODE           	1613	0000	45

C:\Program Files (x86)\Microchip\xc8\v2.00\pic\sources\c90\common\Umul8_16.c estimated size: 45

main.c
		_main          		CODE           	0019	0000	1074
		_my_isr_routine		CODE           	15EA	0000	42
		_DC_Napred     		CODE           	155F	0000	6
		_PWM1_procenat 		CODE           	0911	0000	125

main.c estimated size: 1247

./pwm.h
		_PWM1_Start    		CODE           	1564	0000	10
		_PWM2_Start    		CODE           	156D	0000	12
		_PWM1_Init     		CODE           	1706	0000	80
		_PWM_Max_Duty  		CODE           	0802	0000	63
		_PWM2_Init     		CODE           	1755	0000	80
		_PWM1_Duty     		CODE           	0ACF	0000	168
		_PWM2_Duty     		CODE           	0B76	0000	168

./pwm.h estimated size: 581

